unsat
unsat
unsat
unsat
Start base conditions are satisfiable? (should be sat)
sat
End base conditions are satisfiable?
unsat
unsat
unknown
unsat
unsat
unsat
unsat
unsat
unsat
unsat
unsat
unsat
unsat
unsat
unsat
unsat
unsat
unsat
unsat
unsat
unsat
unknown
